
	k6	k26	k56	k1j6
	k256	k2j6	k6m5	k26m5	k2j17	k56m4	k157m6	

	n0	n345	n5w2	n26w5	n45w2	n167m4	
	j2
	j3	j6	j17	j23	j26	j36	j236	j2k6
	j2w3	j3k6	j17w2	j23k6	j26w3	j2k56	j34k6	j136w7
	j167w2	j246w3	j26w34	j2k6m5	j2k6w3	j3k5m4	j2k56m4	j3k56m4

