
	j6	k5	j36	j56	k15	k56	j56w7	k56m4
	j136w7	j167w2	j3k5m4	k135m4	k1j6w7	k345m2	n167m4	n345w7

	j2	k2	j23	j26	k12	k25	j236	j2k6
	j2w3	j3k5	k125	k1j6	k2j5	k2m1	n167	n345
	j23k6	j26w3	j2k56	k12j5	k25m1	k2j56	j246w3	j26w34
	j2k6m5	j2k6w3	j346w5	k157m6	k257m1	k25m17	k2j5m1	k2j5w6
	j2k56m4	k2j56w7

