
	i0	j2	j3	j5
	j6	k1	k2	k5	k6	n0	j17	j23
	j25	j26	j36	j56	k12	k15	k25	k26
	k34	k56	j236	j256	j2k5	j2k6	j2w3	j3k5
	j3k6	j5w6	k125	k1j5	k1j6	k256	k2j5	k2j6
	k2m1	k6m5	n167	n345	n5w2	n6m2	j17w2	j23k6
	j25w6	j26w3	j2k34	j2k56	j34k6	j56w7	k12j5	k17j5
	k25m1	k26m5	k2j17	k2j56	k34m2	k56m4	n25m6	n26w5
	n45w2	n67m2	j136w7	j167w2	j246w3	j26w34	j2k6m5	j2k6w3
	j346w5	j3k5m4	k135m4	k157m6	k1j6w7	k257m1	k25m17	k2j5m1
	k2j5w6	k345m2	n167m4	n345w7	j2k56m4	j3k56m4	k1j56w7	k2j56w7

