
	i0-eadgbe-3971809718987134967
	____ ____ ____ ____ ____ ____ ____ ____ ____ ____ ____ ____ ____
	____ ____ ____ ____ ____ ____ ____ ____ ____ ____ ____ ____ ____
	____ ____ ____ ____ ____ ____ ____ ____ ____ ____ ____ ____ ____
	____ ____ ____ ____ ____ ____ ____ ____ ____ ____ ____ ____ ____
	____ ____ ____ ____ ____ ____ ____ ____ ____ ____ ____ ____ ____
	____ ____ ____ ____ ____ ____ ____ ____ ____ ____ ____ ____ ____

	j126w7-eadgbe-3971809718987134967
	HgHg PuFe ____ MnAg CuNp PbAu ____ AuPb ____ AgUr ____ ____ HgHg
	AuPb ____ AgUr ____ ____ HgHg PuFe ____ MnAg CuNp PbAu ____ AuPb
	MnAg CuNp PbAu ____ AuPb ____ AgUr ____ ____ HgHg PuFe ____ MnAg
	____ ____ HgHg PuFe ____ MnAg CuNp PbAu ____ AuPb ____ AgUr ____
	PbAu ____ AuPb ____ AgUr ____ ____ HgHg PuFe ____ MnAg CuNp PbAu
	HgHg PuFe ____ MnAg CuNp PbAu ____ AuPb ____ AgUr ____ ____ HgHg

	j136w7-eadgbe-3971809718987134967
	____ PbSn ____ AuHg NpFe AgTi ____ FeNp ____ ____ SnPb UrCu ____
	FeNp ____ ____ SnPb UrCu ____ PbSn ____ AuHg NpFe AgTi ____ FeNp
	AuHg NpFe AgTi ____ FeNp ____ ____ SnPb UrCu ____ PbSn ____ AuHg
	SnPb UrCu ____ PbSn ____ AuHg NpFe AgTi ____ FeNp ____ ____ SnPb
	AgTi ____ FeNp ____ ____ SnPb UrCu ____ PbSn ____ AuHg NpFe AgTi
	____ PbSn ____ AuHg NpFe AgTi ____ FeNp ____ ____ SnPb UrCu ____

	j167w2-eadgbe-3971809718987134967
	CuUr PbSn ____ AuHg NpFe ____ TiAg FeNp HgAu ____ ____ ____ CuUr
	FeNp HgAu ____ ____ ____ CuUr PbSn ____ AuHg NpFe ____ TiAg FeNp
	AuHg NpFe ____ TiAg FeNp HgAu ____ ____ ____ CuUr PbSn ____ AuHg
	____ ____ CuUr PbSn ____ AuHg NpFe ____ TiAg FeNp HgAu ____ ____
	____ TiAg FeNp HgAu ____ ____ ____ CuUr PbSn ____ AuHg NpFe ____
	CuUr PbSn ____ AuHg NpFe ____ TiAg FeNp HgAu ____ ____ ____ CuUr

	j17-eadgbe-3971809718987134967
	CuPb PbCu ____ AuSn ____ AgHg TiFe FeTi ____ ____ SnAu ____ CuPb
	FeTi ____ ____ SnAu ____ CuPb PbCu ____ AuSn ____ AgHg TiFe FeTi
	AuSn ____ AgHg TiFe FeTi ____ ____ SnAu ____ CuPb PbCu ____ AuSn
	SnAu ____ CuPb PbCu ____ AuSn ____ AgHg TiFe FeTi ____ ____ SnAu
	AgHg TiFe FeTi ____ ____ SnAu ____ CuPb PbCu ____ AuSn ____ AgHg
	CuPb PbCu ____ AuSn ____ AgHg TiFe FeTi ____ ____ SnAu ____ CuPb

	j17w2-eadgbe-3971809718987134967
	CuPb PbCu ____ AuSn ____ AgHg TiFe FeTi HgAg ____ ____ ____ CuPb
	FeTi HgAg ____ ____ ____ CuPb PbCu ____ AuSn ____ AgHg TiFe FeTi
	AuSn ____ AgHg TiFe FeTi HgAg ____ ____ ____ CuPb PbCu ____ AuSn
	____ ____ CuPb PbCu ____ AuSn ____ AgHg TiFe FeTi HgAg ____ ____
	AgHg TiFe FeTi HgAg ____ ____ ____ CuPb PbCu ____ AuSn ____ AgHg
	CuPb PbCu ____ AuSn ____ AgHg TiFe FeTi HgAg ____ ____ ____ CuPb

	j2-eadgbe-3971809718987134967
	CuNp PbAu ____ AuPb ____ AgUr ____ FePu HgHg PuFe ____ ____ CuNp
	FePu HgHg PuFe ____ ____ CuNp PbAu ____ AuPb ____ AgUr ____ FePu
	AuPb ____ AgUr ____ FePu HgHg PuFe ____ ____ CuNp PbAu ____ AuPb
	____ ____ CuNp PbAu ____ AuPb ____ AgUr ____ FePu HgHg PuFe ____
	AgUr ____ FePu HgHg PuFe ____ ____ CuNp PbAu ____ AuPb ____ AgUr
	CuNp PbAu ____ AuPb ____ AgUr ____ FePu HgHg PuFe ____ ____ CuNp

	j23-eadgbe-3971809718987134967
	____ PbAu ____ AuPb ____ AgUr ____ FePu HgHg PuFe ____ UrAg ____
	FePu HgHg PuFe ____ UrAg ____ PbAu ____ AuPb ____ AgUr ____ FePu
	AuPb ____ AgUr ____ FePu HgHg PuFe ____ UrAg ____ PbAu ____ AuPb
	____ UrAg ____ PbAu ____ AuPb ____ AgUr ____ FePu HgHg PuFe ____
	AgUr ____ FePu HgHg PuFe ____ UrAg ____ PbAu ____ AuPb ____ AgUr
	____ PbAu ____ AuPb ____ AgUr ____ FePu HgHg PuFe ____ UrAg ____

	j236-eadgbe-3971809718987134967
	____ PbAu ____ AuPb NpCu ____ ____ FePu HgHg PuFe ____ UrAg ____
	FePu HgHg PuFe ____ UrAg ____ PbAu ____ AuPb NpCu ____ ____ FePu
	AuPb NpCu ____ ____ FePu HgHg PuFe ____ UrAg ____ PbAu ____ AuPb
	____ UrAg ____ PbAu ____ AuPb NpCu ____ ____ FePu HgHg PuFe ____
	____ ____ FePu HgHg PuFe ____ UrAg ____ PbAu ____ AuPb NpCu ____
	____ PbAu ____ AuPb NpCu ____ ____ FePu HgHg PuFe ____ UrAg ____

	j23k6-eadgbe-3971809718987134967
	____ PbAu ____ AuPb ____ ____ TiSn FePu HgHg PuFe ____ UrAg ____
	FePu HgHg PuFe ____ UrAg ____ PbAu ____ AuPb ____ ____ TiSn FePu
	AuPb ____ ____ TiSn FePu HgHg PuFe ____ UrAg ____ PbAu ____ AuPb
	____ UrAg ____ PbAu ____ AuPb ____ ____ TiSn FePu HgHg PuFe ____
	____ TiSn FePu HgHg PuFe ____ UrAg ____ PbAu ____ AuPb ____ ____
	____ PbAu ____ AuPb ____ ____ TiSn FePu HgHg PuFe ____ UrAg ____

	j246w3-eadgbe-3971809718987134967
	CuNp ____ ____ AuPb NpCu ____ ____ FePu HgHg PuFe SnTi ____ CuNp
	FePu HgHg PuFe SnTi ____ CuNp ____ ____ AuPb NpCu ____ ____ FePu
	AuPb NpCu ____ ____ FePu HgHg PuFe SnTi ____ CuNp ____ ____ AuPb
	SnTi ____ CuNp ____ ____ AuPb NpCu ____ ____ FePu HgHg PuFe SnTi
	____ ____ FePu HgHg PuFe SnTi ____ CuNp ____ ____ AuPb NpCu ____
	CuNp ____ ____ AuPb NpCu ____ ____ FePu HgHg PuFe SnTi ____ CuNp

	j25-eadgbe-3971809718987134967
	MnHg CuFe PbTi ____ ____ NpAu ____ TiPb FeCu HgMn ____ ____ MnHg
	TiPb FeCu HgMn ____ ____ MnHg CuFe PbTi ____ ____ NpAu ____ TiPb
	____ ____ NpAu ____ TiPb FeCu HgMn ____ ____ MnHg CuFe PbTi ____
	____ ____ MnHg CuFe PbTi ____ ____ NpAu ____ TiPb FeCu HgMn ____
	NpAu ____ TiPb FeCu HgMn ____ ____ MnHg CuFe PbTi ____ ____ NpAu
	MnHg CuFe PbTi ____ ____ NpAu ____ TiPb FeCu HgMn ____ ____ MnHg

	j256-eadgbe-3971809718987134967
	MnHg CuFe PbTi ____ AuNp ____ ____ TiPb FeCu HgMn ____ ____ MnHg
	TiPb FeCu HgMn ____ ____ MnHg CuFe PbTi ____ AuNp ____ ____ TiPb
	____ AuNp ____ ____ TiPb FeCu HgMn ____ ____ MnHg CuFe PbTi ____
	____ ____ MnHg CuFe PbTi ____ AuNp ____ ____ TiPb FeCu HgMn ____
	____ ____ TiPb FeCu HgMn ____ ____ MnHg CuFe PbTi ____ AuNp ____
	MnHg CuFe PbTi ____ AuNp ____ ____ TiPb FeCu HgMn ____ ____ MnHg

	j25w6-eadgbe-3971809718987134967
	SnHg MnFe CuTi PbAg ____ ____ ____ AgPb TiCu FeMn ____ ____ SnHg
	AgPb TiCu FeMn ____ ____ SnHg MnFe CuTi PbAg ____ ____ ____ AgPb
	PbAg ____ ____ ____ AgPb TiCu FeMn ____ ____ SnHg MnFe CuTi PbAg
	____ ____ SnHg MnFe CuTi PbAg ____ ____ ____ AgPb TiCu FeMn ____
	____ ____ AgPb TiCu FeMn ____ ____ SnHg MnFe CuTi PbAg ____ ____
	SnHg MnFe CuTi PbAg ____ ____ ____ AgPb TiCu FeMn ____ ____ SnHg

	j26-eadgbe-3971809718987134967
	CuNp PbAu ____ AuPb NpCu ____ ____ FePu HgHg PuFe ____ ____ CuNp
	FePu HgHg PuFe ____ ____ CuNp PbAu ____ AuPb NpCu ____ ____ FePu
	AuPb NpCu ____ ____ FePu HgHg PuFe ____ ____ CuNp PbAu ____ AuPb
	____ ____ CuNp PbAu ____ AuPb NpCu ____ ____ FePu HgHg PuFe ____
	____ ____ FePu HgHg PuFe ____ ____ CuNp PbAu ____ AuPb NpCu ____
	CuNp PbAu ____ AuPb NpCu ____ ____ FePu HgHg PuFe ____ ____ CuNp

	j26w3-eadgbe-3971809718987134967
	____ PbAu ____ AuPb NpCu ____ ____ FePu HgHg PuFe SnTi ____ ____
	FePu HgHg PuFe SnTi ____ ____ PbAu ____ AuPb NpCu ____ ____ FePu
	AuPb NpCu ____ ____ FePu HgHg PuFe SnTi ____ ____ PbAu ____ AuPb
	SnTi ____ ____ PbAu ____ AuPb NpCu ____ ____ FePu HgHg PuFe SnTi
	____ ____ FePu HgHg PuFe SnTi ____ ____ PbAu ____ AuPb NpCu ____
	____ PbAu ____ AuPb NpCu ____ ____ FePu HgHg PuFe SnTi ____ ____

	j26w34-eadgbe-3971809718987134967
	____ ____ ____ AuPb NpCu ____ ____ FePu HgHg PuFe SnTi UrAg ____
	FePu HgHg PuFe SnTi UrAg ____ ____ ____ AuPb NpCu ____ ____ FePu
	AuPb NpCu ____ ____ FePu HgHg PuFe SnTi UrAg ____ ____ ____ AuPb
	SnTi UrAg ____ ____ ____ AuPb NpCu ____ ____ FePu HgHg PuFe SnTi
	____ ____ FePu HgHg PuFe SnTi UrAg ____ ____ ____ AuPb NpCu ____
	____ ____ ____ AuPb NpCu ____ ____ FePu HgHg PuFe SnTi UrAg ____

	j2k34-eadgbe-3971809718987134967
	____ MnFe CuTi PbAg ____ AuAu ____ AgPb TiCu FeMn ____ ____ ____
	AgPb TiCu FeMn ____ ____ ____ MnFe CuTi PbAg ____ AuAu ____ AgPb
	PbAg ____ AuAu ____ AgPb TiCu FeMn ____ ____ ____ MnFe CuTi PbAg
	____ ____ ____ MnFe CuTi PbAg ____ AuAu ____ AgPb TiCu FeMn ____
	AuAu ____ AgPb TiCu FeMn ____ ____ ____ MnFe CuTi PbAg ____ AuAu
	____ MnFe CuTi PbAg ____ AuAu ____ AgPb TiCu FeMn ____ ____ ____

	j2k5-eadgbe-3971809718987134967
	MnHg CuFe ____ ____ AuNp NpAu ____ TiPb FeCu HgMn ____ ____ MnHg
	TiPb FeCu HgMn ____ ____ MnHg CuFe ____ ____ AuNp NpAu ____ TiPb
	____ AuNp NpAu ____ TiPb FeCu HgMn ____ ____ MnHg CuFe ____ ____
	____ ____ MnHg CuFe ____ ____ AuNp NpAu ____ TiPb FeCu HgMn ____
	NpAu ____ TiPb FeCu HgMn ____ ____ MnHg CuFe ____ ____ AuNp NpAu
	MnHg CuFe ____ ____ AuNp NpAu ____ TiPb FeCu HgMn ____ ____ MnHg

	j2k56-eadgbe-3971809718987134967
	CuNp PbAu ____ ____ NpCu ____ TiSn FePu HgHg PuFe ____ ____ CuNp
	FePu HgHg PuFe ____ ____ CuNp PbAu ____ ____ NpCu ____ TiSn FePu
	____ NpCu ____ TiSn FePu HgHg PuFe ____ ____ CuNp PbAu ____ ____
	____ ____ CuNp PbAu ____ ____ NpCu ____ TiSn FePu HgHg PuFe ____
	____ TiSn FePu HgHg PuFe ____ ____ CuNp PbAu ____ ____ NpCu ____
	CuNp PbAu ____ ____ NpCu ____ TiSn FePu HgHg PuFe ____ ____ CuNp

	j2k56m4-eadgbe-3971809718987134967
	CuNp ____ ____ AuPb NpCu ____ TiSn FePu HgHg PuFe ____ ____ CuNp
	FePu HgHg PuFe ____ ____ CuNp ____ ____ AuPb NpCu ____ TiSn FePu
	AuPb NpCu ____ TiSn FePu HgHg PuFe ____ ____ CuNp ____ ____ AuPb
	____ ____ CuNp ____ ____ AuPb NpCu ____ TiSn FePu HgHg PuFe ____
	____ TiSn FePu HgHg PuFe ____ ____ CuNp ____ ____ AuPb NpCu ____
	CuNp ____ ____ AuPb NpCu ____ TiSn FePu HgHg PuFe ____ ____ CuNp

	j2k6-eadgbe-3971809718987134967
	CuNp PbAu ____ AuPb ____ ____ TiSn FePu HgHg PuFe ____ ____ CuNp
	FePu HgHg PuFe ____ ____ CuNp PbAu ____ AuPb ____ ____ TiSn FePu
	AuPb ____ ____ TiSn FePu HgHg PuFe ____ ____ CuNp PbAu ____ AuPb
	____ ____ CuNp PbAu ____ AuPb ____ ____ TiSn FePu HgHg PuFe ____
	____ TiSn FePu HgHg PuFe ____ ____ CuNp PbAu ____ AuPb ____ ____
	CuNp PbAu ____ AuPb ____ ____ TiSn FePu HgHg PuFe ____ ____ CuNp

	j2k6m5-eadgbe-3971809718987134967
	CuNp PbAu ____ ____ ____ AgUr TiSn FePu HgHg PuFe ____ ____ CuNp
	FePu HgHg PuFe ____ ____ CuNp PbAu ____ ____ ____ AgUr TiSn FePu
	____ ____ AgUr TiSn FePu HgHg PuFe ____ ____ CuNp PbAu ____ ____
	____ ____ CuNp PbAu ____ ____ ____ AgUr TiSn FePu HgHg PuFe ____
	AgUr TiSn FePu HgHg PuFe ____ ____ CuNp PbAu ____ ____ ____ AgUr
	CuNp PbAu ____ ____ ____ AgUr TiSn FePu HgHg PuFe ____ ____ CuNp

	j2k6w3-eadgbe-3971809718987134967
	____ PbAu ____ AuPb ____ ____ TiSn FePu HgHg PuFe SnTi ____ ____
	FePu HgHg PuFe SnTi ____ ____ PbAu ____ AuPb ____ ____ TiSn FePu
	AuPb ____ ____ TiSn FePu HgHg PuFe SnTi ____ ____ PbAu ____ AuPb
	SnTi ____ ____ PbAu ____ AuPb ____ ____ TiSn FePu HgHg PuFe SnTi
	____ TiSn FePu HgHg PuFe SnTi ____ ____ PbAu ____ AuPb ____ ____
	____ PbAu ____ AuPb ____ ____ TiSn FePu HgHg PuFe SnTi ____ ____

	j2w3-eadgbe-3971809718987134967
	____ PbAu ____ AuPb ____ AgUr ____ FePu HgHg PuFe SnTi ____ ____
	FePu HgHg PuFe SnTi ____ ____ PbAu ____ AuPb ____ AgUr ____ FePu
	AuPb ____ AgUr ____ FePu HgHg PuFe SnTi ____ ____ PbAu ____ AuPb
	SnTi ____ ____ PbAu ____ AuPb ____ AgUr ____ FePu HgHg PuFe SnTi
	AgUr ____ FePu HgHg PuFe SnTi ____ ____ PbAu ____ AuPb ____ AgUr
	____ PbAu ____ AuPb ____ AgUr ____ FePu HgHg PuFe SnTi ____ ____

	j3-eadgbe-3971809718987134967
	____ PbAg ____ AuAu ____ AgPb ____ FeUr HgSn ____ SnHg UrFe ____
	FeUr HgSn ____ SnHg UrFe ____ PbAg ____ AuAu ____ AgPb ____ FeUr
	AuAu ____ AgPb ____ FeUr HgSn ____ SnHg UrFe ____ PbAg ____ AuAu
	SnHg UrFe ____ PbAg ____ AuAu ____ AgPb ____ FeUr HgSn ____ SnHg
	AgPb ____ FeUr HgSn ____ SnHg UrFe ____ PbAg ____ AuAu ____ AgPb
	____ PbAg ____ AuAu ____ AgPb ____ FeUr HgSn ____ SnHg UrFe ____

	j346w5-eadgbe-3971809718987134967
	HgHg PuFe ____ ____ CuNp ____ ____ AuPb NpCu ____ TiSn FePu HgHg
	AuPb NpCu ____ TiSn FePu HgHg PuFe ____ ____ CuNp ____ ____ AuPb
	____ CuNp ____ ____ AuPb NpCu ____ TiSn FePu HgHg PuFe ____ ____
	TiSn FePu HgHg PuFe ____ ____ CuNp ____ ____ AuPb NpCu ____ TiSn
	____ ____ AuPb NpCu ____ TiSn FePu HgHg PuFe ____ ____ CuNp ____
	HgHg PuFe ____ ____ CuNp ____ ____ AuPb NpCu ____ TiSn FePu HgHg

	j34k6-eadgbe-3971809718987134967
	CuTi ____ ____ AuAu ____ ____ TiCu FeMn HgSn ____ SnHg MnFe CuTi
	FeMn HgSn ____ SnHg MnFe CuTi ____ ____ AuAu ____ ____ TiCu FeMn
	AuAu ____ ____ TiCu FeMn HgSn ____ SnHg MnFe CuTi ____ ____ AuAu
	SnHg MnFe CuTi ____ ____ AuAu ____ ____ TiCu FeMn HgSn ____ SnHg
	____ TiCu FeMn HgSn ____ SnHg MnFe CuTi ____ ____ AuAu ____ ____
	CuTi ____ ____ AuAu ____ ____ TiCu FeMn HgSn ____ SnHg MnFe CuTi

	j36-eadgbe-3971809718987134967
	____ PbSn ____ AuHg NpFe ____ ____ FeNp HgAu ____ SnPb UrCu ____
	FeNp HgAu ____ SnPb UrCu ____ PbSn ____ AuHg NpFe ____ ____ FeNp
	AuHg NpFe ____ ____ FeNp HgAu ____ SnPb UrCu ____ PbSn ____ AuHg
	SnPb UrCu ____ PbSn ____ AuHg NpFe ____ ____ FeNp HgAu ____ SnPb
	____ ____ FeNp HgAu ____ SnPb UrCu ____ PbSn ____ AuHg NpFe ____
	____ PbSn ____ AuHg NpFe ____ ____ FeNp HgAu ____ SnPb UrCu ____

	j3k5-eadgbe-3971809718987134967
	____ PuFe ____ ____ CuNp PbAu ____ AuPb NpCu ____ TiSn FePu ____
	AuPb NpCu ____ TiSn FePu ____ PuFe ____ ____ CuNp PbAu ____ AuPb
	____ CuNp PbAu ____ AuPb NpCu ____ TiSn FePu ____ PuFe ____ ____
	TiSn FePu ____ PuFe ____ ____ CuNp PbAu ____ AuPb NpCu ____ TiSn
	PbAu ____ AuPb NpCu ____ TiSn FePu ____ PuFe ____ ____ CuNp PbAu
	____ PuFe ____ ____ CuNp PbAu ____ AuPb NpCu ____ TiSn FePu ____

	j3k56m4-eadgbe-3971809718987134967
	____ ____ ____ AuUr NpSn ____ TiHg FeFe HgTi ____ SnNp UrAu ____
	FeFe HgTi ____ SnNp UrAu ____ ____ ____ AuUr NpSn ____ TiHg FeFe
	AuUr NpSn ____ TiHg FeFe HgTi ____ SnNp UrAu ____ ____ ____ AuUr
	SnNp UrAu ____ ____ ____ AuUr NpSn ____ TiHg FeFe HgTi ____ SnNp
	____ TiHg FeFe HgTi ____ SnNp UrAu ____ ____ ____ AuUr NpSn ____
	____ ____ ____ AuUr NpSn ____ TiHg FeFe HgTi ____ SnNp UrAu ____

	j3k5m4-eadgbe-3971809718987134967
	____ ____ ____ AuHg NpFe AgTi ____ FeNp HgAu ____ SnPb UrCu ____
	FeNp HgAu ____ SnPb UrCu ____ ____ ____ AuHg NpFe AgTi ____ FeNp
	AuHg NpFe AgTi ____ FeNp HgAu ____ SnPb UrCu ____ ____ ____ AuHg
	SnPb UrCu ____ ____ ____ AuHg NpFe AgTi ____ FeNp HgAu ____ SnPb
	AgTi ____ FeNp HgAu ____ SnPb UrCu ____ ____ ____ AuHg NpFe AgTi
	____ ____ ____ AuHg NpFe AgTi ____ FeNp HgAu ____ SnPb UrCu ____

	j3k6-eadgbe-3971809718987134967
	____ PbPb ____ AuUr ____ ____ TiHg FeFe HgTi ____ SnNp UrAu ____
	FeFe HgTi ____ SnNp UrAu ____ PbPb ____ AuUr ____ ____ TiHg FeFe
	AuUr ____ ____ TiHg FeFe HgTi ____ SnNp UrAu ____ PbPb ____ AuUr
	SnNp UrAu ____ PbPb ____ AuUr ____ ____ TiHg FeFe HgTi ____ SnNp
	____ TiHg FeFe HgTi ____ SnNp UrAu ____ PbPb ____ AuUr ____ ____
	____ PbPb ____ AuUr ____ ____ TiHg FeFe HgTi ____ SnNp UrAu ____

	j5-eadgbe-3971809718987134967
	AgHg TiFe FeTi ____ ____ SnAu ____ CuPb PbCu ____ AuSn ____ AgHg
	CuPb PbCu ____ AuSn ____ AgHg TiFe FeTi ____ ____ SnAu ____ CuPb
	____ ____ SnAu ____ CuPb PbCu ____ AuSn ____ AgHg TiFe FeTi ____
	AuSn ____ AgHg TiFe FeTi ____ ____ SnAu ____ CuPb PbCu ____ AuSn
	SnAu ____ CuPb PbCu ____ AuSn ____ AgHg TiFe FeTi ____ ____ SnAu
	AgHg TiFe FeTi ____ ____ SnAu ____ CuPb PbCu ____ AuSn ____ AgHg

	j56-eadgbe-3971809718987134967
	AuHg NpFe AgTi ____ FeNp ____ ____ SnPb UrCu ____ PbSn ____ AuHg
	SnPb UrCu ____ PbSn ____ AuHg NpFe AgTi ____ FeNp ____ ____ SnPb
	____ FeNp ____ ____ SnPb UrCu ____ PbSn ____ AuHg NpFe AgTi ____
	PbSn ____ AuHg NpFe AgTi ____ FeNp ____ ____ SnPb UrCu ____ PbSn
	____ ____ SnPb UrCu ____ PbSn ____ AuHg NpFe AgTi ____ FeNp ____
	AuHg NpFe AgTi ____ FeNp ____ ____ SnPb UrCu ____ PbSn ____ AuHg

	j56w7-eadgbe-3971809718987134967
	AuHg NpFe AgTi ____ FeNp HgAu ____ ____ UrCu ____ PbSn ____ AuHg
	____ UrCu ____ PbSn ____ AuHg NpFe AgTi ____ FeNp HgAu ____ ____
	____ FeNp HgAu ____ ____ UrCu ____ PbSn ____ AuHg NpFe AgTi ____
	PbSn ____ AuHg NpFe AgTi ____ FeNp HgAu ____ ____ UrCu ____ PbSn
	HgAu ____ ____ UrCu ____ PbSn ____ AuHg NpFe AgTi ____ FeNp HgAu
	AuHg NpFe AgTi ____ FeNp HgAu ____ ____ UrCu ____ PbSn ____ AuHg

	j5w6-eadgbe-3971809718987134967
	AgHg TiFe FeTi HgAg ____ ____ ____ CuPb PbCu ____ AuSn ____ AgHg
	CuPb PbCu ____ AuSn ____ AgHg TiFe FeTi HgAg ____ ____ ____ CuPb
	HgAg ____ ____ ____ CuPb PbCu ____ AuSn ____ AgHg TiFe FeTi HgAg
	AuSn ____ AgHg TiFe FeTi HgAg ____ ____ ____ CuPb PbCu ____ AuSn
	____ ____ CuPb PbCu ____ AuSn ____ AgHg TiFe FeTi HgAg ____ ____
	AgHg TiFe FeTi HgAg ____ ____ ____ CuPb PbCu ____ AuSn ____ AgHg

	j6-eadgbe-3971809718987134967
	CuUr PbSn ____ AuHg NpFe ____ ____ FeNp HgAu ____ SnPb ____ CuUr
	FeNp HgAu ____ SnPb ____ CuUr PbSn ____ AuHg NpFe ____ ____ FeNp
	AuHg NpFe ____ ____ FeNp HgAu ____ SnPb ____ CuUr PbSn ____ AuHg
	SnPb ____ CuUr PbSn ____ AuHg NpFe ____ ____ FeNp HgAu ____ SnPb
	____ ____ FeNp HgAu ____ SnPb ____ CuUr PbSn ____ AuHg NpFe ____
	CuUr PbSn ____ AuHg NpFe ____ ____ FeNp HgAu ____ SnPb ____ CuUr

	k1-eadgbe-3971809718987134967
	SnHg UrFe ____ PbAg ____ AuAu ____ AgPb ____ FeUr HgSn ____ SnHg
	AgPb ____ FeUr HgSn ____ SnHg UrFe ____ PbAg ____ AuAu ____ AgPb
	PbAg ____ AuAu ____ AgPb ____ FeUr HgSn ____ SnHg UrFe ____ PbAg
	HgSn ____ SnHg UrFe ____ PbAg ____ AuAu ____ AgPb ____ FeUr HgSn
	AuAu ____ AgPb ____ FeUr HgSn ____ SnHg UrFe ____ PbAg ____ AuAu
	SnHg UrFe ____ PbAg ____ AuAu ____ AgPb ____ FeUr HgSn ____ SnHg

	k12-eadgbe-3971809718987134967
	HgHg PuFe ____ UrAg ____ PbAu ____ AuPb ____ AgUr ____ FePu HgHg
	AuPb ____ AgUr ____ FePu HgHg PuFe ____ UrAg ____ PbAu ____ AuPb
	UrAg ____ PbAu ____ AuPb ____ AgUr ____ FePu HgHg PuFe ____ UrAg
	____ FePu HgHg PuFe ____ UrAg ____ PbAu ____ AuPb ____ AgUr ____
	PbAu ____ AuPb ____ AgUr ____ FePu HgHg PuFe ____ UrAg ____ PbAu
	HgHg PuFe ____ UrAg ____ PbAu ____ AuPb ____ AgUr ____ FePu HgHg

	k125-eadgbe-3971809718987134967
	HgHg PuFe ____ ____ CuNp PbAu ____ AuPb ____ AgUr ____ FePu HgHg
	AuPb ____ AgUr ____ FePu HgHg PuFe ____ ____ CuNp PbAu ____ AuPb
	____ CuNp PbAu ____ AuPb ____ AgUr ____ FePu HgHg PuFe ____ ____
	____ FePu HgHg PuFe ____ ____ CuNp PbAu ____ AuPb ____ AgUr ____
	PbAu ____ AuPb ____ AgUr ____ FePu HgHg PuFe ____ ____ CuNp PbAu
	HgHg PuFe ____ ____ CuNp PbAu ____ AuPb ____ AgUr ____ FePu HgHg

	k12j5-eadgbe-3971809718987134967
	HgHg PuFe SnTi ____ ____ PbAu ____ AuPb ____ AgUr ____ FePu HgHg
	AuPb ____ AgUr ____ FePu HgHg PuFe SnTi ____ ____ PbAu ____ AuPb
	____ ____ PbAu ____ AuPb ____ AgUr ____ FePu HgHg PuFe SnTi ____
	____ FePu HgHg PuFe SnTi ____ ____ PbAu ____ AuPb ____ AgUr ____
	PbAu ____ AuPb ____ AgUr ____ FePu HgHg PuFe SnTi ____ ____ PbAu
	HgHg PuFe SnTi ____ ____ PbAu ____ AuPb ____ AgUr ____ FePu HgHg

	k135m4-eadgbe-3971809718987134967
	____ NpFe ____ TiAg FeNp HgAu ____ SnPb ____ CuUr PbSn ____ ____
	SnPb ____ CuUr PbSn ____ ____ NpFe ____ TiAg FeNp HgAu ____ SnPb
	TiAg FeNp HgAu ____ SnPb ____ CuUr PbSn ____ ____ NpFe ____ TiAg
	PbSn ____ ____ NpFe ____ TiAg FeNp HgAu ____ SnPb ____ CuUr PbSn
	HgAu ____ SnPb ____ CuUr PbSn ____ ____ NpFe ____ TiAg FeNp HgAu
	____ NpFe ____ TiAg FeNp HgAu ____ SnPb ____ CuUr PbSn ____ ____

	k15-eadgbe-3971809718987134967
	AuHg NpFe ____ ____ FeNp HgAu ____ SnPb ____ CuUr PbSn ____ AuHg
	SnPb ____ CuUr PbSn ____ AuHg NpFe ____ ____ FeNp HgAu ____ SnPb
	____ FeNp HgAu ____ SnPb ____ CuUr PbSn ____ AuHg NpFe ____ ____
	PbSn ____ AuHg NpFe ____ ____ FeNp HgAu ____ SnPb ____ CuUr PbSn
	HgAu ____ SnPb ____ CuUr PbSn ____ AuHg NpFe ____ ____ FeNp HgAu
	AuHg NpFe ____ ____ FeNp HgAu ____ SnPb ____ CuUr PbSn ____ AuHg

	k157m6-eadgbe-3971809718987134967
	CuNp PbAu ____ ____ NpCu ____ ____ FePu HgHg PuFe SnTi ____ CuNp
	FePu HgHg PuFe SnTi ____ CuNp PbAu ____ ____ NpCu ____ ____ FePu
	____ NpCu ____ ____ FePu HgHg PuFe SnTi ____ CuNp PbAu ____ ____
	SnTi ____ CuNp PbAu ____ ____ NpCu ____ ____ FePu HgHg PuFe SnTi
	____ ____ FePu HgHg PuFe SnTi ____ CuNp PbAu ____ ____ NpCu ____
	CuNp PbAu ____ ____ NpCu ____ ____ FePu HgHg PuFe SnTi ____ CuNp

	k17j5-eadgbe-3971809718987134967
	SnHg MnFe CuTi ____ ____ AuAu ____ ____ TiCu FeMn HgSn ____ SnHg
	____ TiCu FeMn HgSn ____ SnHg MnFe CuTi ____ ____ AuAu ____ ____
	____ ____ AuAu ____ ____ TiCu FeMn HgSn ____ SnHg MnFe CuTi ____
	HgSn ____ SnHg MnFe CuTi ____ ____ AuAu ____ ____ TiCu FeMn HgSn
	AuAu ____ ____ TiCu FeMn HgSn ____ SnHg MnFe CuTi ____ ____ AuAu
	SnHg MnFe CuTi ____ ____ AuAu ____ ____ TiCu FeMn HgSn ____ SnHg

	k1j5-eadgbe-3971809718987134967
	TiHg FeFe HgTi ____ ____ UrAu ____ PbPb ____ AuUr NpSn ____ TiHg
	PbPb ____ AuUr NpSn ____ TiHg FeFe HgTi ____ ____ UrAu ____ PbPb
	____ ____ UrAu ____ PbPb ____ AuUr NpSn ____ TiHg FeFe HgTi ____
	NpSn ____ TiHg FeFe HgTi ____ ____ UrAu ____ PbPb ____ AuUr NpSn
	UrAu ____ PbPb ____ AuUr NpSn ____ TiHg FeFe HgTi ____ ____ UrAu
	TiHg FeFe HgTi ____ ____ UrAu ____ PbPb ____ AuUr NpSn ____ TiHg

	k1j56w7-eadgbe-3971809718987134967
	TiHg FeFe HgTi ____ SnNp UrAu ____ ____ ____ AuUr NpSn ____ TiHg
	____ ____ AuUr NpSn ____ TiHg FeFe HgTi ____ SnNp UrAu ____ ____
	____ SnNp UrAu ____ ____ ____ AuUr NpSn ____ TiHg FeFe HgTi ____
	NpSn ____ TiHg FeFe HgTi ____ SnNp UrAu ____ ____ ____ AuUr NpSn
	UrAu ____ ____ ____ AuUr NpSn ____ TiHg FeFe HgTi ____ SnNp UrAu
	TiHg FeFe HgTi ____ SnNp UrAu ____ ____ ____ AuUr NpSn ____ TiHg

	k1j6-eadgbe-3971809718987134967
	CuNp PbAu ____ AuPb NpCu ____ ____ FePu ____ PuFe SnTi ____ CuNp
	FePu ____ PuFe SnTi ____ CuNp PbAu ____ AuPb NpCu ____ ____ FePu
	AuPb NpCu ____ ____ FePu ____ PuFe SnTi ____ CuNp PbAu ____ AuPb
	SnTi ____ CuNp PbAu ____ AuPb NpCu ____ ____ FePu ____ PuFe SnTi
	____ ____ FePu ____ PuFe SnTi ____ CuNp PbAu ____ AuPb NpCu ____
	CuNp PbAu ____ AuPb NpCu ____ ____ FePu ____ PuFe SnTi ____ CuNp

	k1j6w7-eadgbe-3971809718987134967
	AuHg NpFe ____ TiAg FeNp HgAu ____ ____ ____ CuUr PbSn ____ AuHg
	____ ____ CuUr PbSn ____ AuHg NpFe ____ TiAg FeNp HgAu ____ ____
	TiAg FeNp HgAu ____ ____ ____ CuUr PbSn ____ AuHg NpFe ____ TiAg
	PbSn ____ AuHg NpFe ____ TiAg FeNp HgAu ____ ____ ____ CuUr PbSn
	HgAu ____ ____ ____ CuUr PbSn ____ AuHg NpFe ____ TiAg FeNp HgAu
	AuHg NpFe ____ TiAg FeNp HgAu ____ ____ ____ CuUr PbSn ____ AuHg

	k2-eadgbe-3971809718987134967
	HgHg PuFe ____ UrAg ____ PbAu ____ AuPb NpCu ____ ____ FePu HgHg
	AuPb NpCu ____ ____ FePu HgHg PuFe ____ UrAg ____ PbAu ____ AuPb
	UrAg ____ PbAu ____ AuPb NpCu ____ ____ FePu HgHg PuFe ____ UrAg
	____ FePu HgHg PuFe ____ UrAg ____ PbAu ____ AuPb NpCu ____ ____
	PbAu ____ AuPb NpCu ____ ____ FePu HgHg PuFe ____ UrAg ____ PbAu
	HgHg PuFe ____ UrAg ____ PbAu ____ AuPb NpCu ____ ____ FePu HgHg

	k235m4-eadgbe-3971809718987134967
	____ PbAu ____ AuPb NpCu AgMn ____ FePu HgHg ____ ____ UrAg ____
	FePu HgHg ____ ____ UrAg ____ PbAu ____ AuPb NpCu AgMn ____ FePu
	AuPb NpCu AgMn ____ FePu HgHg ____ ____ UrAg ____ PbAu ____ AuPb
	____ UrAg ____ PbAu ____ AuPb NpCu AgMn ____ FePu HgHg ____ ____
	AgMn ____ FePu HgHg ____ ____ UrAg ____ PbAu ____ AuPb NpCu AgMn
	____ PbAu ____ AuPb NpCu AgMn ____ FePu HgHg ____ ____ UrAg ____

	k25-eadgbe-3971809718987134967
	HgHg PuFe ____ ____ CuNp PbAu ____ AuPb NpCu ____ ____ FePu HgHg
	AuPb NpCu ____ ____ FePu HgHg PuFe ____ ____ CuNp PbAu ____ AuPb
	____ CuNp PbAu ____ AuPb NpCu ____ ____ FePu HgHg PuFe ____ ____
	____ FePu HgHg PuFe ____ ____ CuNp PbAu ____ AuPb NpCu ____ ____
	PbAu ____ AuPb NpCu ____ ____ FePu HgHg PuFe ____ ____ CuNp PbAu
	HgHg PuFe ____ ____ CuNp PbAu ____ AuPb NpCu ____ ____ FePu HgHg

	k256-eadgbe-3971809718987134967
	CuFe PbTi ____ ____ NpAu ____ TiPb FeCu HgMn ____ ____ MnHg CuFe
	FeCu HgMn ____ ____ MnHg CuFe PbTi ____ ____ NpAu ____ TiPb FeCu
	____ NpAu ____ TiPb FeCu HgMn ____ ____ MnHg CuFe PbTi ____ ____
	____ MnHg CuFe PbTi ____ ____ NpAu ____ TiPb FeCu HgMn ____ ____
	____ TiPb FeCu HgMn ____ ____ MnHg CuFe PbTi ____ ____ NpAu ____
	CuFe PbTi ____ ____ NpAu ____ TiPb FeCu HgMn ____ ____ MnHg CuFe

	k257m1-eadgbe-3971809718987134967
	HgHg PuFe ____ ____ CuNp PbAu ____ ____ NpCu ____ TiSn FePu HgHg
	____ NpCu ____ TiSn FePu HgHg PuFe ____ ____ CuNp PbAu ____ ____
	____ CuNp PbAu ____ ____ NpCu ____ TiSn FePu HgHg PuFe ____ ____
	TiSn FePu HgHg PuFe ____ ____ CuNp PbAu ____ ____ NpCu ____ TiSn
	PbAu ____ ____ NpCu ____ TiSn FePu HgHg PuFe ____ ____ CuNp PbAu
	HgHg PuFe ____ ____ CuNp PbAu ____ ____ NpCu ____ TiSn FePu HgHg

	k25m1-eadgbe-3971809718987134967
	HgHg PuFe ____ ____ CuNp PbAu ____ AuPb ____ ____ TiSn FePu HgHg
	AuPb ____ ____ TiSn FePu HgHg PuFe ____ ____ CuNp PbAu ____ AuPb
	____ CuNp PbAu ____ AuPb ____ ____ TiSn FePu HgHg PuFe ____ ____
	TiSn FePu HgHg PuFe ____ ____ CuNp PbAu ____ AuPb ____ ____ TiSn
	PbAu ____ AuPb ____ ____ TiSn FePu HgHg PuFe ____ ____ CuNp PbAu
	HgHg PuFe ____ ____ CuNp PbAu ____ AuPb ____ ____ TiSn FePu HgHg

	k25m17-eadgbe-3971809718987134967
	HgHg PuFe ____ ____ CuNp PbAu ____ ____ ____ AgUr TiSn FePu HgHg
	____ ____ AgUr TiSn FePu HgHg PuFe ____ ____ CuNp PbAu ____ ____
	____ CuNp PbAu ____ ____ ____ AgUr TiSn FePu HgHg PuFe ____ ____
	TiSn FePu HgHg PuFe ____ ____ CuNp PbAu ____ ____ ____ AgUr TiSn
	PbAu ____ ____ ____ AgUr TiSn FePu HgHg PuFe ____ ____ CuNp PbAu
	HgHg PuFe ____ ____ CuNp PbAu ____ ____ ____ AgUr TiSn FePu HgHg

	k26-eadgbe-3971809718987134967
	CuFe PbTi ____ AuNp ____ ____ TiPb FeCu HgMn ____ ____ MnHg CuFe
	FeCu HgMn ____ ____ MnHg CuFe PbTi ____ AuNp ____ ____ TiPb FeCu
	AuNp ____ ____ TiPb FeCu HgMn ____ ____ MnHg CuFe PbTi ____ AuNp
	____ MnHg CuFe PbTi ____ AuNp ____ ____ TiPb FeCu HgMn ____ ____
	____ TiPb FeCu HgMn ____ ____ MnHg CuFe PbTi ____ AuNp ____ ____
	CuFe PbTi ____ AuNp ____ ____ TiPb FeCu HgMn ____ ____ MnHg CuFe

	k26m5-eadgbe-3971809718987134967
	CuTi PbAg ____ ____ ____ AgPb TiCu FeMn HgSn ____ ____ MnFe CuTi
	FeMn HgSn ____ ____ MnFe CuTi PbAg ____ ____ ____ AgPb TiCu FeMn
	____ ____ AgPb TiCu FeMn HgSn ____ ____ MnFe CuTi PbAg ____ ____
	____ MnFe CuTi PbAg ____ ____ ____ AgPb TiCu FeMn HgSn ____ ____
	AgPb TiCu FeMn HgSn ____ ____ MnFe CuTi PbAg ____ ____ ____ AgPb
	CuTi PbAg ____ ____ ____ AgPb TiCu FeMn HgSn ____ ____ MnFe CuTi

	k2j17-eadgbe-3971809718987134967
	CuTi PbAg ____ AuAu ____ AgPb TiCu FeMn ____ ____ ____ MnFe CuTi
	FeMn ____ ____ ____ MnFe CuTi PbAg ____ AuAu ____ AgPb TiCu FeMn
	AuAu ____ AgPb TiCu FeMn ____ ____ ____ MnFe CuTi PbAg ____ AuAu
	____ MnFe CuTi PbAg ____ AuAu ____ AgPb TiCu FeMn ____ ____ ____
	AgPb TiCu FeMn ____ ____ ____ MnFe CuTi PbAg ____ AuAu ____ AgPb
	CuTi PbAg ____ AuAu ____ AgPb TiCu FeMn ____ ____ ____ MnFe CuTi

	k2j5-eadgbe-3971809718987134967
	HgHg PuFe SnTi ____ ____ PbAu ____ AuPb NpCu ____ ____ FePu HgHg
	AuPb NpCu ____ ____ FePu HgHg PuFe SnTi ____ ____ PbAu ____ AuPb
	____ ____ PbAu ____ AuPb NpCu ____ ____ FePu HgHg PuFe SnTi ____
	____ FePu HgHg PuFe SnTi ____ ____ PbAu ____ AuPb NpCu ____ ____
	PbAu ____ AuPb NpCu ____ ____ FePu HgHg PuFe SnTi ____ ____ PbAu
	HgHg PuFe SnTi ____ ____ PbAu ____ AuPb NpCu ____ ____ FePu HgHg

	k2j56-eadgbe-3971809718987134967
	HgHg PuFe SnTi ____ CuNp ____ ____ AuPb NpCu ____ ____ FePu HgHg
	AuPb NpCu ____ ____ FePu HgHg PuFe SnTi ____ CuNp ____ ____ AuPb
	____ CuNp ____ ____ AuPb NpCu ____ ____ FePu HgHg PuFe SnTi ____
	____ FePu HgHg PuFe SnTi ____ CuNp ____ ____ AuPb NpCu ____ ____
	____ ____ AuPb NpCu ____ ____ FePu HgHg PuFe SnTi ____ CuNp ____
	HgHg PuFe SnTi ____ CuNp ____ ____ AuPb NpCu ____ ____ FePu HgHg

	k2j56w7-eadgbe-3971809718987134967
	HgHg PuFe SnTi ____ CuNp PbAu ____ ____ NpCu ____ ____ FePu HgHg
	____ NpCu ____ ____ FePu HgHg PuFe SnTi ____ CuNp PbAu ____ ____
	____ CuNp PbAu ____ ____ NpCu ____ ____ FePu HgHg PuFe SnTi ____
	____ FePu HgHg PuFe SnTi ____ CuNp PbAu ____ ____ NpCu ____ ____
	PbAu ____ ____ NpCu ____ ____ FePu HgHg PuFe SnTi ____ CuNp PbAu
	HgHg PuFe SnTi ____ CuNp PbAu ____ ____ NpCu ____ ____ FePu HgHg

	k2j5m1-eadgbe-3971809718987134967
	HgHg PuFe SnTi ____ ____ PbAu ____ AuPb ____ ____ TiSn FePu HgHg
	AuPb ____ ____ TiSn FePu HgHg PuFe SnTi ____ ____ PbAu ____ AuPb
	____ ____ PbAu ____ AuPb ____ ____ TiSn FePu HgHg PuFe SnTi ____
	TiSn FePu HgHg PuFe SnTi ____ ____ PbAu ____ AuPb ____ ____ TiSn
	PbAu ____ AuPb ____ ____ TiSn FePu HgHg PuFe SnTi ____ ____ PbAu
	HgHg PuFe SnTi ____ ____ PbAu ____ AuPb ____ ____ TiSn FePu HgHg

	k2j5w6-eadgbe-3971809718987134967
	HgHg PuFe SnTi UrAg ____ ____ ____ AuPb NpCu ____ ____ FePu HgHg
	AuPb NpCu ____ ____ FePu HgHg PuFe SnTi UrAg ____ ____ ____ AuPb
	UrAg ____ ____ ____ AuPb NpCu ____ ____ FePu HgHg PuFe SnTi UrAg
	____ FePu HgHg PuFe SnTi UrAg ____ ____ ____ AuPb NpCu ____ ____
	____ ____ AuPb NpCu ____ ____ FePu HgHg PuFe SnTi UrAg ____ ____
	HgHg PuFe SnTi UrAg ____ ____ ____ AuPb NpCu ____ ____ FePu HgHg

	k2j6-eadgbe-3971809718987134967
	CuFe PbTi ____ AuNp NpAu ____ ____ FeCu HgMn ____ ____ MnHg CuFe
	FeCu HgMn ____ ____ MnHg CuFe PbTi ____ AuNp NpAu ____ ____ FeCu
	AuNp NpAu ____ ____ FeCu HgMn ____ ____ MnHg CuFe PbTi ____ AuNp
	____ MnHg CuFe PbTi ____ AuNp NpAu ____ ____ FeCu HgMn ____ ____
	____ ____ FeCu HgMn ____ ____ MnHg CuFe PbTi ____ AuNp NpAu ____
	CuFe PbTi ____ AuNp NpAu ____ ____ FeCu HgMn ____ ____ MnHg CuFe

	k2m1-eadgbe-3971809718987134967
	HgHg PuFe ____ UrAg ____ PbAu ____ AuPb ____ ____ TiSn FePu HgHg
	AuPb ____ ____ TiSn FePu HgHg PuFe ____ UrAg ____ PbAu ____ AuPb
	UrAg ____ PbAu ____ AuPb ____ ____ TiSn FePu HgHg PuFe ____ UrAg
	TiSn FePu HgHg PuFe ____ UrAg ____ PbAu ____ AuPb ____ ____ TiSn
	PbAu ____ AuPb ____ ____ TiSn FePu HgHg PuFe ____ UrAg ____ PbAu
	HgHg PuFe ____ UrAg ____ PbAu ____ AuPb ____ ____ TiSn FePu HgHg

	k34-eadgbe-3971809718987134967
	____ TiFe FeTi HgAg ____ SnAu ____ CuPb PbCu ____ AuSn ____ ____
	CuPb PbCu ____ AuSn ____ ____ TiFe FeTi HgAg ____ SnAu ____ CuPb
	HgAg ____ SnAu ____ CuPb PbCu ____ AuSn ____ ____ TiFe FeTi HgAg
	AuSn ____ ____ TiFe FeTi HgAg ____ SnAu ____ CuPb PbCu ____ AuSn
	SnAu ____ CuPb PbCu ____ AuSn ____ ____ TiFe FeTi HgAg ____ SnAu
	____ TiFe FeTi HgAg ____ SnAu ____ CuPb PbCu ____ AuSn ____ ____

	k345m2-eadgbe-3971809718987134967
	AuHg NpFe AgTi ____ FeNp HgAu ____ SnPb UrCu ____ ____ ____ AuHg
	SnPb UrCu ____ ____ ____ AuHg NpFe AgTi ____ FeNp HgAu ____ SnPb
	____ FeNp HgAu ____ SnPb UrCu ____ ____ ____ AuHg NpFe AgTi ____
	____ ____ AuHg NpFe AgTi ____ FeNp HgAu ____ SnPb UrCu ____ ____
	HgAu ____ SnPb UrCu ____ ____ ____ AuHg NpFe AgTi ____ FeNp HgAu
	AuHg NpFe AgTi ____ FeNp HgAu ____ SnPb UrCu ____ ____ ____ AuHg

	k34m2-eadgbe-3971809718987134967
	AgHg TiFe FeTi HgAg ____ SnAu ____ CuPb PbCu ____ ____ ____ AgHg
	CuPb PbCu ____ ____ ____ AgHg TiFe FeTi HgAg ____ SnAu ____ CuPb
	HgAg ____ SnAu ____ CuPb PbCu ____ ____ ____ AgHg TiFe FeTi HgAg
	____ ____ AgHg TiFe FeTi HgAg ____ SnAu ____ CuPb PbCu ____ ____
	SnAu ____ CuPb PbCu ____ ____ ____ AgHg TiFe FeTi HgAg ____ SnAu
	AgHg TiFe FeTi HgAg ____ SnAu ____ CuPb PbCu ____ ____ ____ AgHg

	k5-eadgbe-3971809718987134967
	AuHg NpFe ____ ____ FeNp HgAu ____ SnPb UrCu ____ PbSn ____ AuHg
	SnPb UrCu ____ PbSn ____ AuHg NpFe ____ ____ FeNp HgAu ____ SnPb
	____ FeNp HgAu ____ SnPb UrCu ____ PbSn ____ AuHg NpFe ____ ____
	PbSn ____ AuHg NpFe ____ ____ FeNp HgAu ____ SnPb UrCu ____ PbSn
	HgAu ____ SnPb UrCu ____ PbSn ____ AuHg NpFe ____ ____ FeNp HgAu
	AuHg NpFe ____ ____ FeNp HgAu ____ SnPb UrCu ____ PbSn ____ AuHg

	k56-eadgbe-3971809718987134967
	CuUr PbSn ____ ____ NpFe ____ TiAg FeNp HgAu ____ SnPb ____ CuUr
	FeNp HgAu ____ SnPb ____ CuUr PbSn ____ ____ NpFe ____ TiAg FeNp
	____ NpFe ____ TiAg FeNp HgAu ____ SnPb ____ CuUr PbSn ____ ____
	SnPb ____ CuUr PbSn ____ ____ NpFe ____ TiAg FeNp HgAu ____ SnPb
	____ TiAg FeNp HgAu ____ SnPb ____ CuUr PbSn ____ ____ NpFe ____
	CuUr PbSn ____ ____ NpFe ____ TiAg FeNp HgAu ____ SnPb ____ CuUr

	k56m4-eadgbe-3971809718987134967
	CuUr ____ ____ AuHg NpFe ____ TiAg FeNp HgAu ____ SnPb ____ CuUr
	FeNp HgAu ____ SnPb ____ CuUr ____ ____ AuHg NpFe ____ TiAg FeNp
	AuHg NpFe ____ TiAg FeNp HgAu ____ SnPb ____ CuUr ____ ____ AuHg
	SnPb ____ CuUr ____ ____ AuHg NpFe ____ TiAg FeNp HgAu ____ SnPb
	____ TiAg FeNp HgAu ____ SnPb ____ CuUr ____ ____ AuHg NpFe ____
	CuUr ____ ____ AuHg NpFe ____ TiAg FeNp HgAu ____ SnPb ____ CuUr

	k6-eadgbe-3971809718987134967
	CuPb PbCu ____ AuSn ____ ____ TiFe FeTi HgAg ____ SnAu ____ CuPb
	FeTi HgAg ____ SnAu ____ CuPb PbCu ____ AuSn ____ ____ TiFe FeTi
	AuSn ____ ____ TiFe FeTi HgAg ____ SnAu ____ CuPb PbCu ____ AuSn
	SnAu ____ CuPb PbCu ____ AuSn ____ ____ TiFe FeTi HgAg ____ SnAu
	____ TiFe FeTi HgAg ____ SnAu ____ CuPb PbCu ____ AuSn ____ ____
	CuPb PbCu ____ AuSn ____ ____ TiFe FeTi HgAg ____ SnAu ____ CuPb

	k6m5-eadgbe-3971809718987134967
	CuPb PbCu ____ ____ ____ AgHg TiFe FeTi HgAg ____ SnAu ____ CuPb
	FeTi HgAg ____ SnAu ____ CuPb PbCu ____ ____ ____ AgHg TiFe FeTi
	____ ____ AgHg TiFe FeTi HgAg ____ SnAu ____ CuPb PbCu ____ ____
	SnAu ____ CuPb PbCu ____ ____ ____ AgHg TiFe FeTi HgAg ____ SnAu
	AgHg TiFe FeTi HgAg ____ SnAu ____ CuPb PbCu ____ ____ ____ AgHg
	CuPb PbCu ____ ____ ____ AgHg TiFe FeTi HgAg ____ SnAu ____ CuPb

	n0-eadgbe-3971809718987134967
	CuHg PbFe ____ AuAg ____ AgAu ____ FePb HgCu ____ SnSn ____ CuHg
	FePb HgCu ____ SnSn ____ CuHg PbFe ____ AuAg ____ AgAu ____ FePb
	AuAg ____ AgAu ____ FePb HgCu ____ SnSn ____ CuHg PbFe ____ AuAg
	SnSn ____ CuHg PbFe ____ AuAg ____ AgAu ____ FePb HgCu ____ SnSn
	AgAu ____ FePb HgCu ____ SnSn ____ CuHg PbFe ____ AuAg ____ AgAu
	CuHg PbFe ____ AuAg ____ AgAu ____ FePb HgCu ____ SnSn ____ CuHg

	n167-eadgbe-3971809718987134967
	____ PuFe SnTi ____ CuNp PbAu ____ AuPb NpCu ____ ____ FePu ____
	AuPb NpCu ____ ____ FePu ____ PuFe SnTi ____ CuNp PbAu ____ AuPb
	____ CuNp PbAu ____ AuPb NpCu ____ ____ FePu ____ PuFe SnTi ____
	____ FePu ____ PuFe SnTi ____ CuNp PbAu ____ AuPb NpCu ____ ____
	PbAu ____ AuPb NpCu ____ ____ FePu ____ PuFe SnTi ____ CuNp PbAu
	____ PuFe SnTi ____ CuNp PbAu ____ AuPb NpCu ____ ____ FePu ____

	n167m4-eadgbe-3971809718987134967
	____ PbSn ____ AuHg NpFe AgTi ____ FeNp HgAu ____ ____ UrCu ____
	FeNp HgAu ____ ____ UrCu ____ PbSn ____ AuHg NpFe AgTi ____ FeNp
	AuHg NpFe AgTi ____ FeNp HgAu ____ ____ UrCu ____ PbSn ____ AuHg
	____ UrCu ____ PbSn ____ AuHg NpFe AgTi ____ FeNp HgAu ____ ____
	AgTi ____ FeNp HgAu ____ ____ UrCu ____ PbSn ____ AuHg NpFe AgTi
	____ PbSn ____ AuHg NpFe AgTi ____ FeNp HgAu ____ ____ UrCu ____

	n25m6-eadgbe-3971809718987134967
	____ MnFe CuTi PbAg ____ ____ ____ AgPb TiCu FeMn HgSn ____ ____
	AgPb TiCu FeMn HgSn ____ ____ MnFe CuTi PbAg ____ ____ ____ AgPb
	PbAg ____ ____ ____ AgPb TiCu FeMn HgSn ____ ____ MnFe CuTi PbAg
	HgSn ____ ____ MnFe CuTi PbAg ____ ____ ____ AgPb TiCu FeMn HgSn
	____ ____ AgPb TiCu FeMn HgSn ____ ____ MnFe CuTi PbAg ____ ____
	____ MnFe CuTi PbAg ____ ____ ____ AgPb TiCu FeMn HgSn ____ ____

	n26w5-eadgbe-3971809718987134967
	CuTi PbAg ____ ____ ____ AgPb TiCu FeMn ____ ____ SnHg MnFe CuTi
	FeMn ____ ____ SnHg MnFe CuTi PbAg ____ ____ ____ AgPb TiCu FeMn
	____ ____ AgPb TiCu FeMn ____ ____ SnHg MnFe CuTi PbAg ____ ____
	SnHg MnFe CuTi PbAg ____ ____ ____ AgPb TiCu FeMn ____ ____ SnHg
	AgPb TiCu FeMn ____ ____ SnHg MnFe CuTi PbAg ____ ____ ____ AgPb
	CuTi PbAg ____ ____ ____ AgPb TiCu FeMn ____ ____ SnHg MnFe CuTi

	n345-eadgbe-3971809718987134967
	CuNp PbAu ____ AuPb NpCu ____ TiSn FePu ____ PuFe ____ ____ CuNp
	FePu ____ PuFe ____ ____ CuNp PbAu ____ AuPb NpCu ____ TiSn FePu
	AuPb NpCu ____ TiSn FePu ____ PuFe ____ ____ CuNp PbAu ____ AuPb
	____ ____ CuNp PbAu ____ AuPb NpCu ____ TiSn FePu ____ PuFe ____
	____ TiSn FePu ____ PuFe ____ ____ CuNp PbAu ____ AuPb NpCu ____
	CuNp PbAu ____ AuPb NpCu ____ TiSn FePu ____ PuFe ____ ____ CuNp

	n345w7-eadgbe-3971809718987134967
	AuHg NpFe ____ TiAg FeNp HgAu ____ SnPb ____ CuUr ____ ____ AuHg
	SnPb ____ CuUr ____ ____ AuHg NpFe ____ TiAg FeNp HgAu ____ SnPb
	TiAg FeNp HgAu ____ SnPb ____ CuUr ____ ____ AuHg NpFe ____ TiAg
	____ ____ AuHg NpFe ____ TiAg FeNp HgAu ____ SnPb ____ CuUr ____
	HgAu ____ SnPb ____ CuUr ____ ____ AuHg NpFe ____ TiAg FeNp HgAu
	AuHg NpFe ____ TiAg FeNp HgAu ____ SnPb ____ CuUr ____ ____ AuHg

	n45w2-eadgbe-3971809718987134967
	____ PbPb ____ AuUr NpSn ____ TiHg FeFe HgTi ____ ____ UrAu ____
	FeFe HgTi ____ ____ UrAu ____ PbPb ____ AuUr NpSn ____ TiHg FeFe
	AuUr NpSn ____ TiHg FeFe HgTi ____ ____ UrAu ____ PbPb ____ AuUr
	____ UrAu ____ PbPb ____ AuUr NpSn ____ TiHg FeFe HgTi ____ ____
	____ TiHg FeFe HgTi ____ ____ UrAu ____ PbPb ____ AuUr NpSn ____
	____ PbPb ____ AuUr NpSn ____ TiHg FeFe HgTi ____ ____ UrAu ____

	n5w2-eadgbe-3971809718987134967
	CuFe ____ ____ AuNp NpAu ____ TiPb FeCu HgMn ____ ____ MnHg CuFe
	FeCu HgMn ____ ____ MnHg CuFe ____ ____ AuNp NpAu ____ TiPb FeCu
	AuNp NpAu ____ TiPb FeCu HgMn ____ ____ MnHg CuFe ____ ____ AuNp
	____ MnHg CuFe ____ ____ AuNp NpAu ____ TiPb FeCu HgMn ____ ____
	____ TiPb FeCu HgMn ____ ____ MnHg CuFe ____ ____ AuNp NpAu ____
	CuFe ____ ____ AuNp NpAu ____ TiPb FeCu HgMn ____ ____ MnHg CuFe

	n67m2-eadgbe-3971809718987134967
	TiHg FeFe HgTi ____ SnNp UrAu ____ PbPb ____ AuUr ____ ____ TiHg
	PbPb ____ AuUr ____ ____ TiHg FeFe HgTi ____ SnNp UrAu ____ PbPb
	____ SnNp UrAu ____ PbPb ____ AuUr ____ ____ TiHg FeFe HgTi ____
	____ ____ TiHg FeFe HgTi ____ SnNp UrAu ____ PbPb ____ AuUr ____
	UrAu ____ PbPb ____ AuUr ____ ____ TiHg FeFe HgTi ____ SnNp UrAu
	TiHg FeFe HgTi ____ SnNp UrAu ____ PbPb ____ AuUr ____ ____ TiHg

	n6m2-eadgbe-3971809718987134967
	MnHg CuFe PbTi ____ AuNp NpAu ____ ____ FeCu HgMn ____ ____ MnHg
	____ FeCu HgMn ____ ____ MnHg CuFe PbTi ____ AuNp NpAu ____ ____
	____ AuNp NpAu ____ ____ FeCu HgMn ____ ____ MnHg CuFe PbTi ____
	____ ____ MnHg CuFe PbTi ____ AuNp NpAu ____ ____ FeCu HgMn ____
	NpAu ____ ____ FeCu HgMn ____ ____ MnHg CuFe PbTi ____ AuNp NpAu
	MnHg CuFe PbTi ____ AuNp NpAu ____ ____ FeCu HgMn ____ ____ MnHg

