
	n0-eadgbe-3971809718987134967
	CuHg PbFe ____ AuAg ____ AgAu ____ FePb HgCu ____ SnSn ____ CuHg
	FePb HgCu ____ SnSn ____ CuHg PbFe ____ AuAg ____ AgAu ____ FePb
	AuAg ____ AgAu ____ FePb HgCu ____ SnSn ____ CuHg PbFe ____ AuAg
	SnSn ____ CuHg PbFe ____ AuAg ____ AgAu ____ FePb HgCu ____ SnSn
	AgAu ____ FePb HgCu ____ SnSn ____ CuHg PbFe ____ AuAg ____ AgAu
	CuHg PbFe ____ AuAg ____ AgAu ____ FePb HgCu ____ SnSn ____ CuHg

