
	dune exec stoa :help

	dune exec stoa :keys

	dune exec stoa :mars

	dune exec stoa n0 j3

	dune exec stoa n0 j3 :cgdae

	dune exec stoa :alloys

	dune exec stoa :find FeNp FePu

	dune exec stoa :find j6 k2

	dune exec stoa :all | sensible-pager

	dune exec stoa :all :cgdae | sensible-pager

