
	n0-eadgbe
	CuHg PbFe ____ AuAg ____ AgAu ____ FePb HgCu ____ SnSn ____ 
	FePb HgCu ____ SnSn ____ CuHg PbFe ____ AuAg ____ AgAu ____ 
	AuAg ____ AgAu ____ FePb HgCu ____ SnSn ____ CuHg PbFe ____ 
	SnSn ____ CuHg PbFe ____ AuAg ____ AgAu ____ FePb HgCu ____ 
	AgAu ____ FePb HgCu ____ SnSn ____ CuHg PbFe ____ AuAg ____ 
	CuHg PbFe ____ AuAg ____ AgAu ____ FePb HgCu ____ SnSn ____ 

	k9 ?

	j3-eadgbe
	____ PbAg ____ AuAu ____ AgPb ____ FeUr HgSn ____ SnHg UrFe 
	FeUr HgSn ____ SnHg UrFe ____ PbAg ____ AuAu ____ AgPb ____ 
	AuAu ____ AgPb ____ FeUr HgSn ____ SnHg UrFe ____ PbAg ____ 
	SnHg UrFe ____ PbAg ____ AuAu ____ AgPb ____ FeUr HgSn ____ 
	AgPb ____ FeUr HgSn ____ SnHg UrFe ____ PbAg ____ AuAu ____ 
	____ PbAg ____ AuAu ____ AgPb ____ FeUr HgSn ____ SnHg UrFe 

